// Jest Snapshot v1, https://goo.gl/fbAQLP

exports[`details context should render correctly with consumer 1`] = `
<RNCSafeAreaView
  edges={
    Array [
      "bottom",
      "left",
      "right",
      "top",
    ]
  }
  style={
    Object {
      "backgroundColor": undefined,
      "flex": 1,
    }
  }
>
  <View
    style={
      Object {
        "flex": 1,
        "paddingHorizontal": 20,
        "paddingVertical": 20,
      }
    }
  >
    <View
      accessibilityLabel="loading..."
      accessibilityRole="none"
      accessible={false}
      onLayout={[Function]}
      replaceTheme={[Function]}
      style={
        Array [
          Object {
            "borderRadius": 2,
            "overflow": "hidden",
          },
          Object {
            "backgroundColor": "#bdc6cf",
            "height": 12,
            "width": "100%",
          },
          undefined,
          Object {
            "alignSelf": "center",
            "aspectRatio": 0.5846153846153846,
            "height": undefined,
            "width": "80%",
          },
        ]
      }
      testID="RNE__Skeleton"
      updateTheme={[Function]}
    >
      <View
        collapsable={false}
        style={
          Object {
            "backgroundColor": "rgb(166, 178, 190)",
            "height": "100%",
            "opacity": 1,
            "width": "100%",
          }
        }
      />
    </View>
    <View
      accessibilityLabel="loading..."
      accessibilityRole="none"
      accessible={false}
      onLayout={[Function]}
      replaceTheme={[Function]}
      style={
        Array [
          Object {
            "borderRadius": 2,
            "overflow": "hidden",
          },
          Object {
            "backgroundColor": "#bdc6cf",
            "height": 12,
            "width": "100%",
          },
          undefined,
          Object {
            "height": 24,
            "marginTop": 20,
            "width": "85%",
          },
        ]
      }
      testID="RNE__Skeleton"
      updateTheme={[Function]}
    >
      <View
        collapsable={false}
        style={
          Object {
            "backgroundColor": "rgb(166, 178, 190)",
            "height": "100%",
            "opacity": 1,
            "width": "100%",
          }
        }
      />
    </View>
    <View
      accessibilityLabel="loading..."
      accessibilityRole="none"
      accessible={false}
      onLayout={[Function]}
      replaceTheme={[Function]}
      style={
        Array [
          Object {
            "borderRadius": 2,
            "overflow": "hidden",
          },
          Object {
            "backgroundColor": "#bdc6cf",
            "height": 12,
            "width": "100%",
          },
          undefined,
          Object {
            "height": 18,
            "marginBottom": 20,
            "marginTop": 10,
            "width": "60%",
          },
        ]
      }
      testID="RNE__Skeleton"
      updateTheme={[Function]}
    >
      <View
        collapsable={false}
        style={
          Object {
            "backgroundColor": "rgb(166, 178, 190)",
            "height": "100%",
            "opacity": 1,
            "width": "100%",
          }
        }
      />
    </View>
    <View
      accessibilityLabel="loading..."
      accessibilityRole="none"
      accessible={false}
      onLayout={[Function]}
      replaceTheme={[Function]}
      style={
        Array [
          Object {
            "borderRadius": 2,
            "overflow": "hidden",
          },
          Object {
            "backgroundColor": "#bdc6cf",
            "height": 12,
            "width": "100%",
          },
          undefined,
          Object {
            "height": 20,
            "marginTop": 5,
            "width": "100%",
          },
        ]
      }
      testID="RNE__Skeleton"
      updateTheme={[Function]}
    >
      <View
        collapsable={false}
        style={
          Object {
            "backgroundColor": "rgb(166, 178, 190)",
            "height": "100%",
            "opacity": 1,
            "width": "100%",
          }
        }
      />
    </View>
    <View
      accessibilityLabel="loading..."
      accessibilityRole="none"
      accessible={false}
      onLayout={[Function]}
      replaceTheme={[Function]}
      style={
        Array [
          Object {
            "borderRadius": 2,
            "overflow": "hidden",
          },
          Object {
            "backgroundColor": "#bdc6cf",
            "height": 12,
            "width": "100%",
          },
          undefined,
          Object {
            "height": 20,
            "marginTop": 5,
            "width": "100%",
          },
        ]
      }
      testID="RNE__Skeleton"
      updateTheme={[Function]}
    >
      <View
        collapsable={false}
        style={
          Object {
            "backgroundColor": "rgb(166, 178, 190)",
            "height": "100%",
            "opacity": 1,
            "width": "100%",
          }
        }
      />
    </View>
    <View
      accessibilityLabel="loading..."
      accessibilityRole="none"
      accessible={false}
      onLayout={[Function]}
      replaceTheme={[Function]}
      style={
        Array [
          Object {
            "borderRadius": 2,
            "overflow": "hidden",
          },
          Object {
            "backgroundColor": "#bdc6cf",
            "height": 12,
            "width": "100%",
          },
          undefined,
          Object {
            "height": 20,
            "marginTop": 5,
            "width": "100%",
          },
        ]
      }
      testID="RNE__Skeleton"
      updateTheme={[Function]}
    >
      <View
        collapsable={false}
        style={
          Object {
            "backgroundColor": "rgb(166, 178, 190)",
            "height": "100%",
            "opacity": 1,
            "width": "100%",
          }
        }
      />
    </View>
    <View
      accessibilityLabel="loading..."
      accessibilityRole="none"
      accessible={false}
      onLayout={[Function]}
      replaceTheme={[Function]}
      style={
        Array [
          Object {
            "borderRadius": 2,
            "overflow": "hidden",
          },
          Object {
            "backgroundColor": "#bdc6cf",
            "height": 12,
            "width": "100%",
          },
          undefined,
          Object {
            "height": 20,
            "marginTop": 5,
            "width": "100%",
          },
        ]
      }
      testID="RNE__Skeleton"
      updateTheme={[Function]}
    >
      <View
        collapsable={false}
        style={
          Object {
            "backgroundColor": "rgb(166, 178, 190)",
            "height": "100%",
            "opacity": 1,
            "width": "100%",
          }
        }
      />
    </View>
    <View
      accessibilityLabel="loading..."
      accessibilityRole="none"
      accessible={false}
      onLayout={[Function]}
      replaceTheme={[Function]}
      style={
        Array [
          Object {
            "borderRadius": 2,
            "overflow": "hidden",
          },
          Object {
            "backgroundColor": "#bdc6cf",
            "height": 12,
            "width": "100%",
          },
          undefined,
          Object {
            "height": 20,
            "marginTop": 5,
            "width": "100%",
          },
        ]
      }
      testID="RNE__Skeleton"
      updateTheme={[Function]}
    >
      <View
        collapsable={false}
        style={
          Object {
            "backgroundColor": "rgb(166, 178, 190)",
            "height": "100%",
            "opacity": 1,
            "width": "100%",
          }
        }
      />
    </View>
    <View
      accessibilityLabel="loading..."
      accessibilityRole="none"
      accessible={false}
      onLayout={[Function]}
      replaceTheme={[Function]}
      style={
        Array [
          Object {
            "borderRadius": 2,
            "overflow": "hidden",
          },
          Object {
            "backgroundColor": "#bdc6cf",
            "height": 12,
            "width": "100%",
          },
          undefined,
          Object {
            "height": 20,
            "marginTop": 5,
            "width": "70%",
          },
        ]
      }
      testID="RNE__Skeleton"
      updateTheme={[Function]}
    >
      <View
        collapsable={false}
        style={
          Object {
            "backgroundColor": "rgb(166, 178, 190)",
            "height": "100%",
            "opacity": 1,
            "width": "100%",
          }
        }
      />
    </View>
  </View>
</RNCSafeAreaView>
`;
