// Jest Snapshot v1, https://goo.gl/fbAQLP

exports[`book info should render correctly: book info 1`] = `
<RNCSafeAreaView
  edges={
    Array [
      "bottom",
      "left",
      "right",
      "top",
    ]
  }
  style={
    Object {
      "backgroundColor": undefined,
      "flex": 1,
    }
  }
>
  <View
    style={
      Object {
        "flex": 1,
        "paddingVertical": 20,
      }
    }
  >
    <RCTScrollView
      style={
        Object {
          "paddingHorizontal": 20,
        }
      }
    >
      <View>
        <View
          style={
            Object {
              "alignItems": "center",
              "width": "100%",
            }
          }
        >
          <View
            accessibilityIgnoresInvertColors={true}
            style={
              Object {
                "backgroundColor": "transparent",
                "overflow": "hidden",
                "position": "relative",
              }
            }
          >
            <Image
              onLoad={[Function]}
              replaceTheme={[Function]}
              source={
                Object {
                  "uri": "https://www.xy.com/images/placeholder.jpg",
                }
              }
              style={
                Object {
                  "aspectRatio": 0.5846153846153846,
                  "bottom": 0,
                  "height": undefined,
                  "left": 0,
                  "position": "absolute",
                  "right": 0,
                  "top": 0,
                  "width": "80%",
                }
              }
              testID="RNE__Image"
              theme={
                Object {
                  "colors": Object {
                    "background": "#ffffff",
                    "black": "#242424",
                    "disabled": "hsl(208, 8%, 90%)",
                    "divider": "#bcbbc1",
                    "error": "#ff190c",
                    "grey0": "#393e42",
                    "grey1": "#43484d",
                    "grey2": "#5e6977",
                    "grey3": "#86939e",
                    "grey4": "#bdc6cf",
                    "grey5": "#e1e8ee",
                    "greyOutline": "#bbb",
                    "platform": Object {
                      "android": Object {
                        "error": "#f44336",
                        "grey": "rgba(0, 0, 0, 0.54)",
                        "primary": "#2196f3",
                        "searchBg": "#dcdce1",
                        "secondary": "#9C27B0",
                        "success": "#4caf50",
                        "warning": "#ffeb3b",
                      },
                      "default": Object {
                        "error": "#ff3b30",
                        "grey": "#7d7d7d",
                        "primary": "#007aff",
                        "searchBg": "#dcdce1",
                        "secondary": "#5856d6",
                        "success": "#4cd964",
                        "warning": "#ffcc00",
                      },
                      "ios": Object {
                        "error": "#ff3b30",
                        "grey": "#7d7d7d",
                        "primary": "#007aff",
                        "searchBg": "#dcdce1",
                        "secondary": "#5856d6",
                        "success": "#4cd964",
                        "warning": "#ffcc00",
                      },
                      "web": Object {
                        "error": "#ff190c",
                        "grey": "#393e42",
                        "primary": "#2089dc",
                        "searchBg": "#303337",
                        "secondary": "#ca71eb",
                        "success": "#52c41a",
                        "warning": "#faad14",
                      },
                    },
                    "primary": "#00DAC4",
                    "searchBg": "#303337",
                    "secondary": "#2C2A55",
                    "success": "#52c41a",
                    "surface": "#F8F8F8",
                    "warning": "#faad14",
                    "white": "#ffffff",
                  },
                  "mode": "light",
                  "spacing": Object {
                    "lg": 12,
                    "md": 8,
                    "sm": 4,
                    "xl": 24,
                    "xs": 2,
                  },
                }
              }
              transitionDuration={360}
              updateTheme={[Function]}
            />
            <View
              accessibilityElementsHidden={true}
              collapsable={false}
              importantForAccessibility="no-hide-descendants"
              pointerEvents="none"
              style={
                Object {
                  "bottom": 0,
                  "left": 0,
                  "opacity": 1,
                  "position": "absolute",
                  "right": 0,
                  "top": 0,
                }
              }
            >
              <View
                style={
                  Object {
                    "alignItems": "center",
                    "aspectRatio": 0.5846153846153846,
                    "backgroundColor": "#bdbdbd",
                    "height": "100%",
                    "justifyContent": "center",
                    "width": "100%",
                  }
                }
                testID="RNE__Image__placeholder"
              >
                <View
                  accessibilityLabel="loading..."
                  accessibilityRole="none"
                  accessible={false}
                  onLayout={[Function]}
                  replaceTheme={[Function]}
                  style={
                    Array [
                      Object {
                        "borderRadius": 2,
                        "overflow": "hidden",
                      },
                      Object {
                        "backgroundColor": "#bdc6cf",
                        "height": 12,
                        "width": "100%",
                      },
                      undefined,
                      Object {
                        "height": "100%",
                        "width": "100%",
                      },
                    ]
                  }
                  testID="RNE__Skeleton"
                  updateTheme={[Function]}
                >
                  <View
                    collapsable={false}
                    style={
                      Object {
                        "backgroundColor": "rgb(166, 178, 190)",
                        "height": "100%",
                        "opacity": 1,
                        "width": "100%",
                      }
                    }
                  />
                </View>
              </View>
            </View>
            <View
              style={
                Object {
                  "aspectRatio": 0.5846153846153846,
                  "height": undefined,
                  "width": "80%",
                }
              }
              testID="RNE__Image__children__container"
            />
          </View>
        </View>
        <Text
          style={
            Object {
              "color": "#242424",
              "fontSize": 24,
              "fontWeight": "600",
              "marginTop": 20,
            }
          }
        >
          As crônicas de Nárnia
        </Text>
        <Text
          style={
            Object {
              "color": "#242424",
              "fontSize": 14,
            }
          }
        >
          By 
          Clive Staples Lewis
        </Text>
        <Text
          style={
            Object {
              "color": "#242424",
              "fontSize": 14,
            }
          }
        >
          2009
        </Text>
        <Text
          style={
            Object {
              "color": "#242424",
              "fontSize": 18,
              "fontWeight": "500",
              "marginTop": 20,
            }
          }
        />
        <Text
          style={
            Object {
              "color": "#242424",
              "fontSize": 18,
              "fontWeight": "500",
              "marginTop": 20,
            }
          }
        >
          Categories
        </Text>
        <Text
          style={
            Object {
              "color": "#242424",
              "fontSize": 18,
              "fontWeight": "500",
              "marginTop": 20,
            }
          }
        >
          Description
        </Text>
        <View
          accessible={true}
          collapsable={false}
          focusable={true}
          onClick={[Function]}
          onResponderGrant={[Function]}
          onResponderMove={[Function]}
          onResponderRelease={[Function]}
          onResponderTerminate={[Function]}
          onResponderTerminationRequest={[Function]}
          onStartShouldSetResponder={[Function]}
          style={
            Object {
              "opacity": 1,
            }
          }
        >
          <Text
            numberOfLines={5}
            style={
              Object {
                "color": "#242424",
                "fontSize": 16,
              }
            }
          >
            Este livro apresenta as sete crônicas de Nárnia integralmente, num único volume.
          </Text>
          <Text
            style={
              Object {
                "color": "#242424",
                "fontSize": 16,
                "fontWeight": "500",
                "textDecorationLine": "underline",
              }
            }
          >
            Read more
          </Text>
        </View>
      </View>
    </RCTScrollView>
  </View>
</RNCSafeAreaView>
`;

exports[`book info should render skeleton correctly: book info skeleton 1`] = `
<RNCSafeAreaView
  edges={
    Array [
      "bottom",
      "left",
      "right",
      "top",
    ]
  }
  style={
    Object {
      "backgroundColor": undefined,
      "flex": 1,
    }
  }
>
  <View
    style={
      Object {
        "flex": 1,
        "paddingHorizontal": 20,
        "paddingVertical": 20,
      }
    }
  >
    <View
      accessibilityLabel="loading..."
      accessibilityRole="none"
      accessible={false}
      onLayout={[Function]}
      replaceTheme={[Function]}
      style={
        Array [
          Object {
            "borderRadius": 2,
            "overflow": "hidden",
          },
          Object {
            "backgroundColor": "#bdc6cf",
            "height": 12,
            "width": "100%",
          },
          undefined,
          Object {
            "alignSelf": "center",
            "aspectRatio": 0.5846153846153846,
            "height": undefined,
            "width": "80%",
          },
        ]
      }
      testID="RNE__Skeleton"
      updateTheme={[Function]}
    >
      <View
        collapsable={false}
        style={
          Object {
            "backgroundColor": "rgb(166, 178, 190)",
            "height": "100%",
            "opacity": 1,
            "width": "100%",
          }
        }
      />
    </View>
    <View
      accessibilityLabel="loading..."
      accessibilityRole="none"
      accessible={false}
      onLayout={[Function]}
      replaceTheme={[Function]}
      style={
        Array [
          Object {
            "borderRadius": 2,
            "overflow": "hidden",
          },
          Object {
            "backgroundColor": "#bdc6cf",
            "height": 12,
            "width": "100%",
          },
          undefined,
          Object {
            "height": 24,
            "marginTop": 20,
            "width": "85%",
          },
        ]
      }
      testID="RNE__Skeleton"
      updateTheme={[Function]}
    >
      <View
        collapsable={false}
        style={
          Object {
            "backgroundColor": "rgb(166, 178, 190)",
            "height": "100%",
            "opacity": 1,
            "width": "100%",
          }
        }
      />
    </View>
    <View
      accessibilityLabel="loading..."
      accessibilityRole="none"
      accessible={false}
      onLayout={[Function]}
      replaceTheme={[Function]}
      style={
        Array [
          Object {
            "borderRadius": 2,
            "overflow": "hidden",
          },
          Object {
            "backgroundColor": "#bdc6cf",
            "height": 12,
            "width": "100%",
          },
          undefined,
          Object {
            "height": 18,
            "marginBottom": 20,
            "marginTop": 10,
            "width": "60%",
          },
        ]
      }
      testID="RNE__Skeleton"
      updateTheme={[Function]}
    >
      <View
        collapsable={false}
        style={
          Object {
            "backgroundColor": "rgb(166, 178, 190)",
            "height": "100%",
            "opacity": 1,
            "width": "100%",
          }
        }
      />
    </View>
    <View
      accessibilityLabel="loading..."
      accessibilityRole="none"
      accessible={false}
      onLayout={[Function]}
      replaceTheme={[Function]}
      style={
        Array [
          Object {
            "borderRadius": 2,
            "overflow": "hidden",
          },
          Object {
            "backgroundColor": "#bdc6cf",
            "height": 12,
            "width": "100%",
          },
          undefined,
          Object {
            "height": 20,
            "marginTop": 5,
            "width": "100%",
          },
        ]
      }
      testID="RNE__Skeleton"
      updateTheme={[Function]}
    >
      <View
        collapsable={false}
        style={
          Object {
            "backgroundColor": "rgb(166, 178, 190)",
            "height": "100%",
            "opacity": 1,
            "width": "100%",
          }
        }
      />
    </View>
    <View
      accessibilityLabel="loading..."
      accessibilityRole="none"
      accessible={false}
      onLayout={[Function]}
      replaceTheme={[Function]}
      style={
        Array [
          Object {
            "borderRadius": 2,
            "overflow": "hidden",
          },
          Object {
            "backgroundColor": "#bdc6cf",
            "height": 12,
            "width": "100%",
          },
          undefined,
          Object {
            "height": 20,
            "marginTop": 5,
            "width": "100%",
          },
        ]
      }
      testID="RNE__Skeleton"
      updateTheme={[Function]}
    >
      <View
        collapsable={false}
        style={
          Object {
            "backgroundColor": "rgb(166, 178, 190)",
            "height": "100%",
            "opacity": 1,
            "width": "100%",
          }
        }
      />
    </View>
    <View
      accessibilityLabel="loading..."
      accessibilityRole="none"
      accessible={false}
      onLayout={[Function]}
      replaceTheme={[Function]}
      style={
        Array [
          Object {
            "borderRadius": 2,
            "overflow": "hidden",
          },
          Object {
            "backgroundColor": "#bdc6cf",
            "height": 12,
            "width": "100%",
          },
          undefined,
          Object {
            "height": 20,
            "marginTop": 5,
            "width": "100%",
          },
        ]
      }
      testID="RNE__Skeleton"
      updateTheme={[Function]}
    >
      <View
        collapsable={false}
        style={
          Object {
            "backgroundColor": "rgb(166, 178, 190)",
            "height": "100%",
            "opacity": 1,
            "width": "100%",
          }
        }
      />
    </View>
    <View
      accessibilityLabel="loading..."
      accessibilityRole="none"
      accessible={false}
      onLayout={[Function]}
      replaceTheme={[Function]}
      style={
        Array [
          Object {
            "borderRadius": 2,
            "overflow": "hidden",
          },
          Object {
            "backgroundColor": "#bdc6cf",
            "height": 12,
            "width": "100%",
          },
          undefined,
          Object {
            "height": 20,
            "marginTop": 5,
            "width": "100%",
          },
        ]
      }
      testID="RNE__Skeleton"
      updateTheme={[Function]}
    >
      <View
        collapsable={false}
        style={
          Object {
            "backgroundColor": "rgb(166, 178, 190)",
            "height": "100%",
            "opacity": 1,
            "width": "100%",
          }
        }
      />
    </View>
    <View
      accessibilityLabel="loading..."
      accessibilityRole="none"
      accessible={false}
      onLayout={[Function]}
      replaceTheme={[Function]}
      style={
        Array [
          Object {
            "borderRadius": 2,
            "overflow": "hidden",
          },
          Object {
            "backgroundColor": "#bdc6cf",
            "height": 12,
            "width": "100%",
          },
          undefined,
          Object {
            "height": 20,
            "marginTop": 5,
            "width": "100%",
          },
        ]
      }
      testID="RNE__Skeleton"
      updateTheme={[Function]}
    >
      <View
        collapsable={false}
        style={
          Object {
            "backgroundColor": "rgb(166, 178, 190)",
            "height": "100%",
            "opacity": 1,
            "width": "100%",
          }
        }
      />
    </View>
    <View
      accessibilityLabel="loading..."
      accessibilityRole="none"
      accessible={false}
      onLayout={[Function]}
      replaceTheme={[Function]}
      style={
        Array [
          Object {
            "borderRadius": 2,
            "overflow": "hidden",
          },
          Object {
            "backgroundColor": "#bdc6cf",
            "height": 12,
            "width": "100%",
          },
          undefined,
          Object {
            "height": 20,
            "marginTop": 5,
            "width": "70%",
          },
        ]
      }
      testID="RNE__Skeleton"
      updateTheme={[Function]}
    >
      <View
        collapsable={false}
        style={
          Object {
            "backgroundColor": "rgb(166, 178, 190)",
            "height": "100%",
            "opacity": 1,
            "width": "100%",
          }
        }
      />
    </View>
  </View>
</RNCSafeAreaView>
`;
